not(True) -> False
not(False) -> True
&&(True,y#24) -> y#24
&&(False,y#24) -> False
||(True,y#25) -> True
||(False,y#25) -> y#25
+(Zero,y#26) -> y#26
+(Succ(x#32),y#26) -> Succ(+(x#32,y#26))
*(Zero,y#27) -> Zero
*(Succ(x#33),y#27) -> +(y#27,*(x#33,y#27))
-(Zero,y#28) -> Zero
-#2(Zero,x#34) -> Succ(x#34)
-#2(Succ(y#29),x#34) -> -(x#34,y#29)
-(Succ(x#34),y#28) -> -#2(y#28,x#34)
==#2(Zero) -> True
==#2(Succ(y#30)) -> False
==(Zero,u1#1) -> ==#2(u1#1)
==#3(Zero,x#35) -> False
==#3(Succ(y#31),x#35) -> ==(x#35,y#31)
==(Succ(x#35),u1#1) -> ==#3(u1#1,x#35)
<=(Zero,y#32) -> True
<=#2(Zero,x#36) -> False
<=#2(Succ(y#33),x#36) -> <=(x#36,y#33)
<=(Succ(x#36),y#32) -> <=#2(y#32,x#36)
/=(x#37,y#34) -> not(==(x#37,y#34))
<(x#38,y#35) -> <=(Succ(x#38),y#35)
>(x#39,y#36) -> <(y#36,x#39)
>=(x#40,y#37) -> <=(y#37,x#40)
max(Zero,y#38) -> y#38
max#2(Zero,x#41) -> Succ(x#41)
max#2(Succ(y#39),x#41) -> Succ(max(x#41,y#39))
max(Succ(x#41),y#38) -> max#2(y#38,x#41)
min(Zero,y#40) -> Zero
min#2(Zero,x#42) -> Zero
min#2(Succ(y#41),x#42) -> Succ(min(x#42,y#41))
min(Succ(x#42),y#40) -> min#2(y#40,x#42)
++(Nil,ys#7) -> ys#7
++(Cons(x#43,xs#11),ys#7) -> Cons(x#43,++(xs#11,ys#7))
null(Nil) -> True
null(Cons(x#44,xs#12)) -> False
length(Nil) -> Zero
length(Cons(x#45,xs#13)) -> Succ(length(xs#13))
head(Nil) -> Fail
head(Cons(x#46,xs#14)) -> x#46
tail(Nil) -> Fail
tail(Cons(x#47,xs#15)) -> xs#15
reverse(Nil) -> Nil
reverse(Cons(x#48,xs#16)) -> ++(reverse(xs#16),Cons(x#48,Nil))
elem#1(Nil,x#49) -> False
elem#1(Cons(y#42,ys#8),x#49) -> ||(==(x#49,y#42),elem(x#49,ys#8))
elem(x#49,u1#2) -> elem#1(u1#2,x#49)
sum(Nil) -> Zero
sum(Cons(x#50,xs#17)) -> +(x#50,sum(xs#17))
product(Nil) -> Succ(Zero)
product(Cons(x#51,xs#18)) -> *(x#51,product(xs#18))
sort(Nil) -> Nil
sort(Cons(x#52,xs#19)) -> joinParts(x#52,partition(x#52,xs#19))
joinParts#1(Tuple2(ys#9,zs#4),x#53) -> ++(sort(ys#9),Cons(x#53,sort(zs#4)))
joinParts(x#53,u1#3) -> joinParts#1(u1#3,x#53)
partition#1(Nil,p#3) -> Tuple2(Nil,Nil)
partition#1(Cons(x#54,xs#20),p#3) -> partitionWith(<=(p#3,x#54),x#54,partition(p#3,xs#20))
partition(p#3,u1#4) -> partition#1(u1#4,p#3)
partitionWith#2(Tuple2(ys#10,zs#5),x#55) -> Tuple2(ys#10,Cons(x#55,zs#5))
partitionWith(True,x#55,u2#1) -> partitionWith#2(u2#1,x#55)
partitionWith#3(Tuple2(ys#11,zs#6),x#55) -> Tuple2(Cons(x#55,ys#11),zs#6)
partitionWith(False,x#55,u2#1) -> partitionWith#3(u2#1,x#55)
fst(Tuple2(a#4,b#4)) -> a#4
snd(Tuple2(a#5,b#5)) -> b#5
swap(Tuple2(a#6,b#6)) -> Tuple2(b#6,a#6)
main -> Tuple2(sort(Cons(Succ(Succ(Succ(Zero))),Cons(Succ(Zero),Cons(Succ(Succ(Succ(Succ(Zero)))),Cons(Succ(Zero),Cons(Succ(Succ(Succ(Succ(Succ(Zero))))),Nil)))))),sum(Cons(Succ(Zero),Cons(Succ(Succ(Zero)),Cons(Succ(Succ(Succ(Zero))),Nil)))))
